../Core/Src/main.c:51:5:main	8	static
../Core/Src/main.c:84:6:HAL_TIM_PeriodElapsedCallback	16	static
../Core/Src/main.c:92:13:Task_Every_1ms	8	static
../Core/Src/main.c:101:13:generate_Serial_Num	24	static
../Core/Src/main.c:118:6:SystemClock_Config	80	static
../Core/Src/main.c:154:13:MX_ADC_Init	24	static
../Core/Src/main.c:224:13:MX_TIM3_Init	32	static
../Core/Src/main.c:269:13:MX_USART2_UART_Init	8	static
../Core/Src/main.c:302:13:MX_DMA_Init	16	static
../Core/Src/main.c:320:13:MX_GPIO_Init	48	static
../Core/Src/main.c:359:6:Error_Handler	8	static,ignoring_inline_asm
